[2026-07-09 18:43:59] [info] Arquivo criado no GitHub: dados/chamados.json
[2026-07-09 18:50:51] [info] Arquivo atualizado no GitHub: dados/chamados.json
[2026-07-09 18:59:25] [info] Arquivo atualizado no GitHub: dados/chamados.json
[2026-07-09 19:14:16] [info] Arquivo atualizado no GitHub: dados/chamados.json
[2026-07-09 19:14:17] [error] Erro ao atualizar arquivo: {"message":"dados/chamados.json does not match 4a3f5f197b6163f2e9b0fc7c03e9b03c1c1f8b4a","documentation_url":"https://docs.github.com/rest/repos/contents#create-or-update-file-contents","status":"409"}
[2026-07-09 19:43:47] [info] Arquivo atualizado no GitHub: dados/chamados.json
[2026-07-13 14:21:18] [info] Arquivo atualizado no GitHub: dados/chamados.json
[2026-07-14 18:38:58] [info] Arquivo atualizado no GitHub: dados/chamados.json
[2026-07-14 19:22:00] [info] Arquivo atualizado no GitHub: dados/chamados.json
[2026-07-14 19:34:11] [info] Arquivo atualizado no GitHub: dados/chamados.json
[2026-07-14 19:45:52] [info] Arquivo atualizado no GitHub: dados/chamados.json
[2026-07-14 21:26:04] [info] Arquivo atualizado no GitHub: dados/chamados.json
[2026-07-14 22:06:14] [info] Arquivo atualizado no GitHub: dados/chamados.json
[2026-07-15 18:41:00] [info] Arquivo atualizado no GitHub: dados/chamados.json
[2026-07-15 19:30:34] [info] Arquivo atualizado no GitHub: dados/chamados.json
[2026-07-15 19:42:47] [info] Arquivo atualizado no GitHub: dados/chamados.json
[2026-07-15 19:42:48] [info] Arquivo atualizado no GitHub: dados/chamados.json
[2026-07-15 19:52:06] [info] Arquivo atualizado no GitHub: dados/chamados.json
[2026-07-16 22:37:31] [info] Arquivo atualizado no GitHub: dados/chamados.json
[2026-07-16 22:45:29] [info] Arquivo atualizado no GitHub: dados/chamados.json
[2026-07-16 22:50:53] [info] Arquivo atualizado no GitHub: dados/chamados.json
[2026-07-17 13:14:00] [info] Arquivo atualizado no GitHub: dados/chamados.json
[2026-07-17 15:20:50] [info] Arquivo atualizado no GitHub: dados/chamados.json
[2026-07-17 18:33:34] [info] Arquivo atualizado no GitHub: dados/chamados.json
[2026-07-17 18:57:13] [info] Arquivo atualizado no GitHub: dados/chamados.json
[2026-07-17 19:06:51] [info] Arquivo atualizado no GitHub: dados/chamados.json
[2026-07-21 16:18:47] [info] Arquivo atualizado no GitHub: dados/centros_de_custo.json
[2026-07-21 16:18:48] [error] Erro ao atualizar arquivo: {"message":"dados/centros_de_custo.json does not match 52bb233bc9eaf4f67a3d36d86e4e5dc5c910cb74","documentation_url":"https://docs.github.com/rest/repos/contents#create-or-update-file-contents","status":"409"}
[2026-07-21 17:53:51] [info] Arquivo atualizado no GitHub: dados/chamados.json
[2026-07-23 15:15:28] [info] Arquivo atualizado no GitHub: dados/chamados.json
[2026-07-23 15:25:08] [info] Arquivo atualizado no GitHub: dados/chamados.json
[2026-07-23 15:30:34] [info] Arquivo atualizado no GitHub: dados/chamados.json
[2026-07-23 15:41:18] [info] Arquivo atualizado no GitHub: dados/chamados.json
[2026-07-23 16:00:54] [info] Arquivo enviado: C:\xampp\htdocs\gestao_ativos/dados/centros_de_custo.json -> GitHub: dados/centros_de_custo.json
[2026-07-23 16:00:57] [info] Arquivo atualizado no GitHub: dados/centros_de_custo.json
[2026-08-02 23:14:00] [info] Arquivo enviado: C:\xampp\htdocs\gestao_ativos/dados/centros_de_custo.json -> GitHub: dados/centros_de_custo.json
[2026-08-02 23:14:03] [info] Arquivo atualizado no GitHub: dados/centros_de_custo.json
[2026-08-02 23:16:07] [info] Arquivo enviado: C:\xampp\htdocs\gestao_ativos/dados/centros_de_custo.json -> GitHub: dados/centros_de_custo.json
[2026-08-02 23:16:10] [info] Arquivo atualizado no GitHub: dados/centros_de_custo.json
[2026-08-03 13:00:40] [info] Arquivo enviado: C:\xampp\htdocs\gestao_ativos/dados/chamados.json -> GitHub: dados/centros_de_custo.json
[2026-08-03 13:00:41] [info] Arquivo atualizado no GitHub: dados/centros_de_custo.json
[2026-08-03 13:06:06] [info] Arquivo enviado: C:\xampp\htdocs\gestao_ativos/dados/chamados.json -> GitHub: dados/centros_de_custo.json
[2026-08-03 13:06:06] [info] Arquivo atualizado no GitHub: dados/centros_de_custo.json
[2026-08-03 13:10:29] [info] Arquivo enviado: C:\xampp\htdocs\gestao_ativos/dados/chamados.json -> GitHub: dados/centros_de_custo.json
[2026-08-03 13:10:30] [info] Arquivo atualizado no GitHub: dados/centros_de_custo.json
[2026-08-16 12:41:09] [info] Arquivo enviado: C:\xampp\htdocs\gestao_ativos/dados/chamados.json -> GitHub: dados/centros_de_custo.json
[2026-08-16 13:04:58] [info] Arquivo enviado: C:\xampp\htdocs\gestao_ativos/dados/chamados.json -> GitHub: dados/centros_de_custo.json
[2026-08-16 13:19:29] [info] Arquivo enviado: C:\xampp\htdocs\gestao_ativos/dados/chamados.json -> GitHub: dados/centros_de_custo.json
[2026-08-16 13:31:31] [info] Arquivo enviado: C:\xampp\htdocs\gestao_ativos/dados/centros_de_custo.json -> GitHub: dados/centros_de_custo.json
[2026-08-16 13:54:23] [info] Arquivo enviado: C:\xampp\htdocs\gestao_ativos/dados/centros_de_custo.json -> GitHub: dados/centros_de_custo.json
[2026-08-16 13:54:23] [error] Erro ao atualizar arquivo: {"message":"Resource not accessible by personal access token","documentation_url":"https://docs.github.com/rest/repos/contents#create-or-update-file-contents","status":"403"}
[2026-08-16 14:07:31] [info] Arquivo enviado: C:\xampp\htdocs\gestao_ativos/dados/chamados.json -> GitHub: dados/chamados.json
[2026-08-16 14:07:32] [error] Erro ao atualizar arquivo: {"message":"Resource not accessible by personal access token","documentation_url":"https://docs.github.com/rest/repos/contents#create-or-update-file-contents","status":"403"}
[2026-08-16 14:07:36] [info] Arquivo enviado: C:\xampp\htdocs\gestao_ativos/dados/chamados.json -> GitHub: dados/chamados.json
[2026-08-16 14:07:37] [error] Erro ao atualizar arquivo: {"message":"Resource not accessible by personal access token","documentation_url":"https://docs.github.com/rest/repos/contents#create-or-update-file-contents","status":"403"}
[2026-08-16 14:07:41] [info] Arquivo enviado: C:\xampp\htdocs\gestao_ativos/dados/chamados.json -> GitHub: dados/chamados.json
[2026-08-16 14:07:41] [error] Erro ao atualizar arquivo: {"message":"Resource not accessible by personal access token","documentation_url":"https://docs.github.com/rest/repos/contents#create-or-update-file-contents","status":"403"}
[2026-08-16 14:07:45] [info] Arquivo enviado: C:\xampp\htdocs\gestao_ativos/dados/chamados.json -> GitHub: dados/chamados.json
[2026-08-16 14:07:46] [error] Erro ao atualizar arquivo: {"message":"Resource not accessible by personal access token","documentation_url":"https://docs.github.com/rest/repos/contents#create-or-update-file-contents","status":"403"}
